Q01_KEY_MAP_HAS_NO_ALIAS
unsat
Q02_KEY_MAP_HAS_NO_ORPHAN
unsat
Q03_PLAN_IDENTITY_BINDS_DEPENDENCIES
unsat
Q04_PLAN_IDENTITY_BINDS_SEMANTICS
unsat
Q05_EVENT_IDS_ARE_UNIQUE
unsat
Q06_MALFORMED_ORDINAL_IS_NOT_CANONICAL
unsat
Q07_PUBLICATION_REQUIRES_DURABLE_APPEND
unsat
Q08_PUBLICATION_INSERT_IS_IDEMPOTENT
unsat
Q09_RECEIPTS_FORM_A_PREFIX
unsat
Q10_STALE_PLAN_IS_REJECTED
unsat
Q11_UNSAFE_PREJOURNAL_REPLAY_IS_REJECTED
unsat
Q12_UNSAFE_CRASH_HAS_FAIL_CLOSED_WITNESS
sat
Q13_RESUME_PREFIX_RECONSTRUCTS_SERIAL
unsat
Q14_PARALLEL_COMPLETION_NORMALIZES_CANONICALLY
unsat
Q15_FAILURE_HAS_EXACT_TERMINAL_PHASE
unsat
Q16_BOUNDED_CODEC_CANNOT_EXCEED_DECLARED_LIMIT
unsat
Q17_REPLAY_CURSOR_STRICTLY_DECREASES
unsat
Q18_NATIVE_STACK_BOUND_IS_CONSTANT
unsat
Q19_LAGGING_RECEIPT_RESUME_HAS_WITNESS
sat
Q20_CANCELLATION_CANNOT_SELF_PROMOTE_TO_COMPLETION
unsat
Q21_INCOMPLETE_CANNOT_SELF_PROMOTE_TO_COMPLETION
unsat
